// Jest Snapshot v1, https://goo.gl/fbAQLP

exports[`Message snapshot with differet 1`] = `
<div>
  click the ayish
</div>
`;
