// Jest Snapshot v1, https://goo.gl/fbAQLP

exports[`Message snapshot with differet 1`] = `
<m
  text="click the ayish"
/>
`;
